]0;/home/colin/R/writing-r-extensions]0;colin@colin-MacBookPro: ~/R/writing-r-extensions[01;32mcolin@colin-MacBookPro[00m:[01;34m~/R/writing-r-extensions[00m$ git init
it
git push -u origin masterDépôt Git vide initialisé dans /home/colin/R/writing-r-extensions/.git/
]0;/home/colin/R/writing-r-extensions]0;colin@colin-MacBookPro: ~/R/writing-r-extensions[01;32mcolin@colin-MacBookPro[00m:[01;34m~/R/writing-r-extensions[00m$ git add README.md
]0;/home/colin/R/writing-r-extensions]0;colin@colin-MacBookPro: ~/R/writing-r-extensions[01;32mcolin@colin-MacBookPro[00m:[01;34m~/R/writing-r-extensions[00m$ git commit -m "first commit"
[master (commit racine) 5142984] first commit
 1 file changed, 1 insertion(+)
 create mode 100644 README.md
]0;/home/colin/R/writing-r-extensions]0;colin@colin-MacBookPro: ~/R/writing-r-extensions[01;32mcolin@colin-MacBookPro[00m:[01;34m~/R/writing-r-extensions[00m$ git remote add origin https://github.com/ColinFay/writing-r-extension s.git
]0;/home/colin/R/writing-r-extensions]0;colin@colin-MacBookPro: ~/R/writing-r-extensions[01;32mcolin@colin-MacBookPro[00m:[01;34m~/R/writing-r-extensions[00m$ git push -u origin master
error: cannot run rpostback-askpass: Aucun fichier ou dossier de ce type
Username for 'https://github.com': ColinFay
error: cannot run rpostback-askpass: Aucun fichier ou dossier de ce type
Password for 'https://ColinFay@github.com': 
Décompte des objets: 3, fait.
Delta compression using up to 4 threads.
Compression des objets:  50% (1/2)   Compression des objets: 100% (2/2)   Compression des objets: 100% (2/2), fait.
Écriture des objets:  33% (1/3)   Écriture des objets:  66% (2/3)   Écriture des objets: 100% (3/3)   Écriture des objets: 100% (3/3), 357 bytes | 0 bytes/s, fait.
Total 3 (delta 0), reused 0 (delta 0)
To https://github.com/ColinFay/writing-r-extensions.git
 * [new branch]      master -> master
La branche master est paramétrée pour suivre la branche distante master depuis origin.
]0;/home/colin/R/writing-r-extensions]0;colin@colin-MacBookPro: ~/R/writing-r-extensions[01;32mcolin@colin-MacBookPro[00m:[01;34m~/R/writing-r-extensions[00m$ git add -a[KA
]0;/home/colin/R/writing-r-extensions]0;colin@colin-MacBookPro: ~/R/writing-r-extensions[01;32mcolin@colin-MacBookPro[00m:[01;34m~/R/writing-r-extensions[00m$ [K]0;colin@colin-MacBookPro: ~/R/writing-r-extensions[01;32mcolin@colin-MacBookPro[00m:[01;34m~/R/writing-r-extensions[00m$ git p[Kadd -A
]0;/home/colin/R/writing-r-extensions]0;colin@colin-MacBookPro: ~/R/writing-r-extensions[01;32mcolin@colin-MacBookPro[00m:[01;34m~/R/writing-r-extensions[00m$ git commit -m "m[Kipdat[K[K[K[Kndex update"
[master 96c6f24] index update
 46 files changed, 94 insertions(+), 29525 deletions(-)
 delete mode 100644 .Rproj.user/B03E3524/sources/s-3468D2F6/12A2D85F-contents
 delete mode 100644 .Rproj.user/B03E3524/sources/s-3468D2F6/37C87E86-contents
 delete mode 100644 .Rproj.user/B03E3524/sources/s-3468D2F6/61843014-contents
 delete mode 100644 .Rproj.user/B03E3524/sources/s-3468D2F6/69FAE3-contents
 delete mode 100644 .Rproj.user/B03E3524/sources/s-3468D2F6/7E1B8223
 delete mode 100644 .Rproj.user/B03E3524/sources/s-3468D2F6/7E1B8223-contents
 delete mode 100644 .Rproj.user/B03E3524/sources/s-3468D2F6/837FEB58
 delete mode 100644 .Rproj.user/B03E3524/sources/s-3468D2F6/837FEB58-contents
 delete mode 100644 .Rproj.user/B03E3524/sources/s-3468D2F6/8FC5E4A4-contents
 delete mode 100644 .Rproj.user/B03E3524/sources/s-3468D2F6/91E12545-contents
 delete mode 100644 .Rproj.user/B03E3524/sources/s-3468D2F6/99EFD30-contents
 delete mode 100644 .Rproj.user/B03E3524/sources/s-3468D2F6/99F0BC4F-contents
 delete mode 100644 .Rproj.user/B03E3524/sources/s-3468D2F6/9F714F83-contents
 delete mode 100644 .Rproj.user/B03E3524/sources/s-3468D2F6/A9CB7800-contents
 delete mode 100644 .Rproj.user/B03E3524/sources/s-3468D2F6/B117E1D7
 delete mode 100644 .Rproj.user/B03E3524/sources/s-3468D2F6/B117E1D7-contents
 delete mode 100644 .Rproj.user/B03E3524/sources/s-3468D2F6/CB10DFFC-contents
 delete mode 100644 .Rproj.user/B03E3524/sources/s-3468D2F6/DDDD0D76-contents
 delete mode 100644 .Rproj.user/B03E3524/sources/s-3468D2F6/E029BF2
 delete mode 100644 .Rproj.user/B03E3524/sources/s-3468D2F6/E029BF2-contents
 delete mode 100644 .Rproj.user/B03E3524/sources/s-3468D2F6/F3B29FA6-contents
 delete mode 100644 .Rproj.user/B03E3524/sources/s-3468D2F6/FC8AA132
 delete mode 100644 .Rproj.user/B03E3524/sources/s-3468D2F6/FC8AA132-contents
 delete mode 100644 .Rproj.user/B03E3524/sources/s-3468D2F6/lock_file
 delete mode 100644 .Rproj.user/shared/notebooks/5330EA83-03-R-exts/1/s/chunks.json
 create mode 100644 .gitignore
]0;/home/colin/R/writing-r-extensions]0;colin@colin-MacBookPro: ~/R/writing-r-extensions[01;32mcolin@colin-MacBookPro[00m:[01;34m~/R/writing-r-extensions[00m$ git ppus[K[K[Kush
warning: push.default n'est pas défini ; sa valeur implicite a changé dans Git 2.0
de 'matching' vers 'simple'. Pour supprimer ce message et maintenir
le comportement actuel après la modification de la valeur de défaut, utilisez :

  git config --global push.default matching

Pour supprimer ce message et adopter le nouveau comportement maintenant, utilisez :

  git config --global push.default simple

Quand push.default vaudra 'matching', git poussera les branches locales
sur les branches distantes qui existent déjà avec le même nom.

Depuis Git 2.0, Git utilise par défaut le comportement plus conservatif 'simple'
qui ne pousse la branche courante que vers la branche distante correspondante
que 'git pull' utilise pour mettre à jour la branche courante.
 
Voir 'git help config' et chercher 'push.default' pour plus d'information.
(le mode 'simple' a été introduit dans Git 1.7.11. Utilisez le mode similaire
'current' au lieu de 'simple' si vous utilisez de temps en temps d'anciennes versions de Git)

Décompte des objets: 34, fait.
Delta compression using up to 4 threads.
Compression des objets:   3% (1/30)   Compression des objets:   6% (2/30)   Compression des objets:  10% (3/30)   Compression des objets:  13% (4/30)   Compression des objets:  16% (5/30)   Compression des objets:  20% (6/30)   Compression des objets:  23% (7/30)   Compression des objets:  26% (8/30)   Compression des objets:  30% (9/30)   Compression des objets:  33% (10/30)   Compression des objets:  36% (11/30)   Compression des objets:  40% (12/30)   Compression des objets:  43% (13/30)   Compression des objets:  46% (14/30)   Compression des objets:  50% (15/30)   Compression des objets:  53% (16/30)   Compression des objets:  56% (17/30)   Compression des objets:  60% (18/30)   Compression des objets:  63% (19/30)   Compression des objets:  66% (20/30)   Compression des objets:  70% (21/30)   Compression des objets:  73% (22/30)   Compression des objets:  76% (23/30)   Compression des objets:  80% (24/30)   Compression des objets:  83% (25/30)   Compression des objets:  86% (26/30)   Compression des objets:  90% (27/30)   Compression des objets:  93% (28/30)   Compression des objets:  96% (29/30)   Compression des objets: 100% (30/30)   Compression des objets: 100% (30/30), fait.
Écriture des objets:   2% (1/34)   Écriture des objets:   5% (2/34)   Écriture des objets:   8% (3/34)   Écriture des objets:  11% (4/34)   Écriture des objets:  14% (5/34)   Écriture des objets:  17% (6/34)   Écriture des objets:  20% (7/34)   Écriture des objets:  23% (8/34)   Écriture des objets:  26% (9/34)   Écriture des objets:  29% (10/34)   Écriture des objets:  32% (11/34)   Écriture des objets:  35% (12/34)   Écriture des objets:  38% (13/34)   Écriture des objets:  41% (14/34)   Écriture des objets:  44% (15/34)   Écriture des objets:  47% (16/34)   Écriture des objets:  50% (17/34)   Écriture des objets:  52% (18/34)   Écriture des objets:  55% (19/34)   Écriture des objets:  58% (20/34)   Écriture des objets:  61% (21/34)   Écriture des objets:  64% (22/34)   Écriture des objets:  67% (23/34)   Écriture des objets:  70% (24/34)   Écriture des objets:  73% (25/34)   Écriture des objets:  76% (26/34)   Écriture des objets:  79% (27/34)   Écriture des objets:  82% (28/34)   Écriture des objets:  85% (29/34)   Écriture des objets:  88% (30/34)   Écriture des objets:  91% (31/34)   Écriture des objets:  94% (32/34)   Écriture des objets:  97% (33/34)   Écriture des objets: 100% (34/34)   Écriture des objets: 100% (34/34), 3.73 KiB | 0 bytes/s, fait.
Total 34 (delta 20), reused 0 (delta 0)
remote: Resolving deltas:   0% (0/20)   [Kremote: Resolving deltas:   5% (1/20)   [Kremote: Resolving deltas:  10% (2/20)   [Kremote: Resolving deltas:  15% (3/20)   [Kremote: Resolving deltas:  20% (4/20)   [Kremote: Resolving deltas:  25% (5/20)   [Kremote: Resolving deltas:  30% (6/20)   [Kremote: Resolving deltas:  35% (7/20)   [Kremote: Resolving deltas:  40% (8/20)   [Kremote: Resolving deltas:  45% (9/20)   [Kremote: Resolving deltas:  50% (10/20)   [Kremote: Resolving deltas:  55% (11/20)   [Kremote: Resolving deltas:  60% (12/20)   [Kremote: Resolving deltas:  65% (13/20)   [Kremote: Resolving deltas:  70% (14/20)   [Kremote: Resolving deltas:  75% (15/20)   [Kremote: Resolving deltas:  80% (16/20)   [Kremote: Resolving deltas:  85% (17/20)   [Kremote: Resolving deltas:  90% (18/20)   [Kremote: Resolving deltas:  95% (19/20)   [Kremote: Resolving deltas: 100% (20/20)   [Kremote: Resolving deltas: 100% (20/20), completed with 20 local objects.[K
To https://github.com/ColinFay/writing-r-extensions.git
   352366a..96c6f24  master -> master
]0;/home/colin/R/writing-r-extensions]0;colin@colin-MacBookPro: ~/R/writing-r-extensions[01;32mcolin@colin-MacBookPro[00m:[01;34m~/R/writing-r-extensions[00m$ déconnexion
git pull
Already up-to-date.
]0;/home/colin/R/writing-r-extensions]0;colin@colin-MacBookPro: ~/R/writing-r-extensions[01;32mcolin@colin-MacBookPro[00m:[01;34m~/R/writing-r-extensions[00m$ git commit -a
[master 773fd33] cleaned html troublemaker
 55 files changed, 1010 insertions(+), 6520 deletions(-)
 rewrite .Rproj.user/B03E3524/console06/INDEX001 (100%)
 delete mode 100644 .Rproj.user/B03E3524/sources/s-1D874177/2B410574
 delete mode 100644 .Rproj.user/B03E3524/sources/s-1D874177/2B410574-contents
 delete mode 100644 .Rproj.user/B03E3524/sources/s-1D874177/3805D461
 delete mode 100644 .Rproj.user/B03E3524/sources/s-1D874177/3805D461-contents
 delete mode 100644 .Rproj.user/B03E3524/sources/s-1D874177/41C08FAF
 delete mode 100644 .Rproj.user/B03E3524/sources/s-1D874177/41C08FAF-contents
 delete mode 100644 .Rproj.user/B03E3524/sources/s-1D874177/46CA4A44-contents
 delete mode 100644 .Rproj.user/B03E3524/sources/s-1D874177/50A65B66-contents
 delete mode 100644 .Rproj.user/B03E3524/sources/s-1D874177/5EDDFE82
 delete mode 100644 .Rproj.user/B03E3524/sources/s-1D874177/5EDDFE82-contents
 delete mode 100644 .Rproj.user/B03E3524/sources/s-1D874177/5F444E83-contents
 delete mode 100644 .Rproj.user/B03E3524/sources/s-1D874177/83977DD7-contents
 delete mode 100644 .Rproj.user/B03E3524/sources/s-1D874177/9BC630AD
 delete mode 100644 .Rproj.user/B03E3524/sources/s-1D874177/9BC630AD-contents
 delete mode 100644 .Rproj.user/B03E3524/sources/s-1D874177/9F285A14-contents
 delete mode 100644 .Rproj.user/B03E3524/sources/s-1D874177/BA9D63A3
 delete mode 100644 .Rproj.user/B03E3524/sources/s-1D874177/BA9D63A3-contents
 delete mode 100644 .Rproj.user/B03E3524/sources/s-1D874177/D0F60AC4
 delete mode 100644 .Rproj.user/B03E3524/sources/s-1D874177/D0F60AC4-contents
 delete mode 100644 .Rproj.user/B03E3524/sources/s-1D874177/D50B7285
 delete mode 100644 .Rproj.user/B03E3524/sources/s-1D874177/D50B7285-contents
 delete mode 100644 .Rproj.user/B03E3524/sources/s-1D874177/DF1F6B9E
 delete mode 100644 .Rproj.user/B03E3524/sources/s-1D874177/DF1F6B9E-contents
 delete mode 100644 .Rproj.user/B03E3524/sources/s-1D874177/lock_file
 rewrite docs/search_index.json (72%)
]0;/home/colin/R/writing-r-extensions]0;colin@colin-MacBookPro: ~/R/writing-r-extensions[01;32mcolin@colin-MacBookPro[00m:[01;34m~/R/writing-r-extensions[00m$ git push 
warning: push.default n'est pas défini ; sa valeur implicite a changé dans Git 2.0
de 'matching' vers 'simple'. Pour supprimer ce message et maintenir
le comportement actuel après la modification de la valeur de défaut, utilisez :

  git config --global push.default matching

Pour supprimer ce message et adopter le nouveau comportement maintenant, utilisez :

  git config --global push.default simple

Quand push.default vaudra 'matching', git poussera les branches locales
sur les branches distantes qui existent déjà avec le même nom.

Depuis Git 2.0, Git utilise par défaut le comportement plus conservatif 'simple'
qui ne pousse la branche courante que vers la branche distante correspondante
que 'git pull' utilise pour mettre à jour la branche courante.
 
Voir 'git help config' et chercher 'push.default' pour plus d'information.
(le mode 'simple' a été introduit dans Git 1.7.11. Utilisez le mode similaire
'current' au lieu de 'simple' si vous utilisez de temps en temps d'anciennes versions de Git)

Décompte des objets: 39, fait.
Delta compression using up to 4 threads.
Compression des objets:   2% (1/38)   Compression des objets:   5% (2/38)   Compression des objets:   7% (3/38)   Compression des objets:  10% (4/38)   Compression des objets:  13% (5/38)   Compression des objets:  15% (6/38)   Compression des objets:  18% (7/38)   Compression des objets:  21% (8/38)   Compression des objets:  23% (9/38)   Compression des objets:  26% (10/38)   Compression des objets:  28% (11/38)   Compression des objets:  31% (12/38)   Compression des objets:  34% (13/38)   Compression des objets:  36% (14/38)   Compression des objets:  39% (15/38)   Compression des objets:  42% (16/38)   Compression des objets:  44% (17/38)   Compression des objets:  47% (18/38)   Compression des objets:  50% (19/38)   Compression des objets:  52% (20/38)   Compression des objets:  55% (21/38)   Compression des objets:  57% (22/38)   Compression des objets:  60% (23/38)   Compression des objets:  63% (24/38)   Compression des objets:  65% (25/38)   Compression des objets:  68% (26/38)   Compression des objets:  71% (27/38)   Compression des objets:  73% (28/38)   Compression des objets:  76% (29/38)   Compression des objets:  78% (30/38)   Compression des objets:  81% (31/38)   Compression des objets:  84% (32/38)   Compression des objets:  86% (33/38)   Compression des objets:  89% (34/38)   Compression des objets:  92% (35/38)   Compression des objets:  94% (36/38)   Compression des objets:  97% (37/38)   Compression des objets: 100% (38/38)   Compression des objets: 100% (38/38), fait.
Écriture des objets:   2% (1/39)   Écriture des objets:   5% (2/39)   Écriture des objets:   7% (3/39)   Écriture des objets:  10% (4/39)   Écriture des objets:  12% (5/39)   Écriture des objets:  15% (6/39)   Écriture des objets:  17% (7/39)   Écriture des objets:  20% (8/39)   Écriture des objets:  23% (9/39)   Écriture des objets:  25% (10/39)   Écriture des objets:  28% (11/39)   Écriture des objets:  30% (12/39)   Écriture des objets:  33% (13/39)   Écriture des objets:  35% (14/39)   Écriture des objets:  38% (15/39)   Écriture des objets:  41% (16/39)   Écriture des objets:  43% (17/39)   Écriture des objets:  46% (18/39)   Écriture des objets:  48% (19/39)   Écriture des objets:  51% (20/39)   Écriture des objets:  53% (21/39)   Écriture des objets:  56% (22/39)   Écriture des objets:  58% (23/39)   Écriture des objets:  61% (24/39)   Écriture des objets:  64% (25/39)   Écriture des objets:  66% (26/39)   Écriture des objets:  69% (27/39)   Écriture des objets:  71% (28/39)   Écriture des objets:  74% (29/39)   Écriture des objets:  76% (30/39)   Écriture des objets:  79% (31/39)   Écriture des objets:  82% (32/39)   Écriture des objets:  84% (33/39)   Écriture des objets:  87% (34/39)   Écriture des objets:  89% (35/39)   Écriture des objets:  92% (36/39)   Écriture des objets:  94% (37/39)   Écriture des objets:  97% (38/39)   Écriture des objets: 100% (39/39)   Écriture des objets: 100% (39/39), 19.20 KiB | 0 bytes/s, fait.
Total 39 (delta 31), reused 1 (delta 0)
remote: Resolving deltas:   0% (0/31)   [Kremote: Resolving deltas:   3% (1/31)   [Kremote: Resolving deltas:   6% (2/31)   [Kremote: Resolving deltas:   9% (3/31)   [Kremote: Resolving deltas:  12% (4/31)   [Kremote: Resolving deltas:  16% (5/31)   [Kremote: Resolving deltas:  19% (6/31)   [Kremote: Resolving deltas:  22% (7/31)   [Kremote: Resolving deltas:  25% (8/31)   [Kremote: Resolving deltas:  29% (9/31)   [Kremote: Resolving deltas:  32% (10/31)   [Kremote: Resolving deltas:  35% (11/31)   [Kremote: Resolving deltas:  38% (12/31)   [Kremote: Resolving deltas:  41% (13/31)   [Kremote: Resolving deltas:  45% (14/31)   [Kremote: Resolving deltas:  48% (15/31)   [Kremote: Resolving deltas:  51% (16/31)   [Kremote: Resolving deltas:  54% (17/31)   [Kremote: Resolving deltas:  58% (18/31)   [Kremote: Resolving deltas:  61% (19/31)   [Kremote: Resolving deltas:  64% (20/31)   [Kremote: Resolving deltas:  67% (21/31)   [Kremote: Resolving deltas:  70% (22/31)   [Kremote: Resolving deltas:  74% (23/31)   [Kremote: Resolving deltas:  77% (24/31)   [Kremote: Resolving deltas:  80% (25/31)   [Kremote: Resolving deltas:  83% (26/31)   [Kremote: Resolving deltas:  87% (27/31)   [Kremote: Resolving deltas:  90% (28/31)   [Kremote: Resolving deltas:  93% (29/31)   [Kremote: Resolving deltas:  96% (30/31)   [Kremote: Resolving deltas: 100% (31/31)   [Kremote: Resolving deltas: 100% (31/31), completed with 31 local objects.[K
To https://github.com/ColinFay/writing-r-extensions.git
   96c6f24..773fd33  master -> master
]0;/home/colin/R/writing-r-extensions]0;colin@colin-MacBookPro: ~/R/writing-r-extensions[01;32mcolin@colin-MacBookPro[00m:[01;34m~/R/writing-r-extensions[00m$ déconnexion
[K]0;colin@colin-MacBookPro: ~/R/writing-r-extensions[01;32mcolin@colin-MacBookPro[00m:[01;34m~/R/writing-r-extensions[00m$ git pull
Already up-to-date.
]0;/home/colin/R/writing-r-extensions]0;colin@colin-MacBookPro: ~/R/writing-r-extensions[01;32mcolin@colin-MacBookPro[00m:[01;34m~/R/writing-r-extensions[00m$ git commit -a -m '[K"ga update"